\BOOKMARK [1][-]{section.1}{\376\377\000I\000n\000t\000r\000o\000d\000u\000c\000t\000i\000o\000n}{}% 1
\BOOKMARK [1][-]{section.2}{\376\377\000R\000e\000l\000a\000t\000e\000d\000\040\000W\000o\000r\000k\000s}{}% 2
\BOOKMARK [1][-]{section.3}{\376\377\000M\000e\000t\000h\000o\000d\000o\000l\000o\000g\000y}{}% 3
\BOOKMARK [2][-]{subsection.3.1}{\376\377\000C\000o\000r\000p\000o\000r\000a}{section.3}% 4
\BOOKMARK [2][-]{subsection.3.2}{\376\377\000C\000l\000a\000s\000s\000\040\000b\000a\000l\000a\000n\000c\000e}{section.3}% 5
\BOOKMARK [2][-]{subsection.3.3}{\376\377\000P\000a\000r\000t\000i\000t\000i\000o\000n\000i\000n\000g}{section.3}% 6
\BOOKMARK [2][-]{subsection.3.4}{\376\377\000D\000o\000c\000u\000m\000e\000n\000t\000\040\000l\000e\000n\000g\000t\000h}{section.3}% 7
\BOOKMARK [2][-]{subsection.3.5}{\376\377\000V\000o\000c\000a\000b\000u\000l\000a\000r\000y}{section.3}% 8
\BOOKMARK [2][-]{subsection.3.6}{\376\377\000T\000e\000x\000t\000\040\000r\000e\000p\000r\000e\000s\000e\000n\000t\000a\000t\000i\000o\000n\000s}{section.3}% 9
\BOOKMARK [2][-]{subsection.3.7}{\376\377\000M\000o\000d\000e\000l\000s\000\040\000a\000n\000d\000\040\000c\000o\000n\000f\000i\000g\000u\000r\000a\000t\000i\000o\000n\000s}{section.3}% 10
\BOOKMARK [2][-]{subsection.3.8}{\376\377\000T\000h\000e\000\040\000s\000u\000r\000f\000a\000c\000e\000-\000c\000o\000n\000t\000e\000n\000t\000\040\000d\000e\000c\000o\000m\000p\000o\000s\000i\000t\000i\000o\000n}{section.3}% 11
\BOOKMARK [2][-]{subsection.3.9}{\376\377\000T\000h\000e\000\040\000l\000e\000n\000g\000t\000h\000\040\000c\000h\000a\000n\000n\000e\000l\000\040\000a\000n\000d\000\040\000h\000o\000w\000\040\000i\000t\000\040\000i\000s\000\040\000c\000l\000o\000s\000e\000d}{section.3}% 12
\BOOKMARK [2][-]{subsection.3.10}{\376\377\000T\000h\000e\000\040\000s\000u\000r\000f\000a\000c\000e\000\040\000f\000e\000a\000t\000u\000r\000e\000\040\000s\000e\000t}{section.3}% 13
\BOOKMARK [2][-]{subsection.3.11}{\376\377\000M\000e\000t\000r\000i\000c\000s}{section.3}% 14
\BOOKMARK [2][-]{subsection.3.12}{\376\377\000P\000a\000i\000r\000e\000d\000\040\000s\000t\000a\000t\000i\000s\000t\000i\000c\000s}{section.3}% 15
\BOOKMARK [2][-]{subsection.3.13}{\376\377\000C\000o\000n\000t\000r\000o\000l\000s}{section.3}% 16
\BOOKMARK [1][-]{section.4}{\376\377\000R\000e\000s\000u\000l\000t\000s\000\040\000a\000n\000d\000\040\000D\000i\000s\000c\000u\000s\000s\000i\000o\000n\000s}{}% 17
\BOOKMARK [2][-]{subsection.4.1}{\376\377\000T\000h\000e\000\040\000f\000u\000l\000l\000\040\000m\000o\000d\000e\000l\000\040\000s\000w\000e\000e\000p}{section.4}% 18
\BOOKMARK [2][-]{subsection.4.2}{\376\377\000W\000h\000i\000c\000h\000\040\000o\000p\000t\000i\000m\000i\000s\000e\000r\000\040\000s\000u\000i\000t\000s\000\040\000a\000\040\000c\000l\000a\000s\000s\000i\000c\000a\000l\000\040\000d\000e\000t\000e\000c\000t\000o\000r}{section.4}% 19
\BOOKMARK [2][-]{subsection.4.3}{\376\377\000T\000h\000r\000e\000s\000h\000o\000l\000d\000-\000f\000r\000e\000e\000\040\000r\000a\000n\000k\000i\000n\000g\000\040\000a\000n\000d\000\040\000t\000h\000e\000\040\000o\000p\000e\000r\000a\000t\000i\000n\000g\000\040\000r\000e\000g\000i\000o\000n}{section.4}% 20
\BOOKMARK [2][-]{subsection.4.4}{\376\377\000W\000h\000e\000r\000e\000\040\000t\000h\000e\000\040\000e\000r\000r\000o\000r\000s\000\040\000f\000a\000l\000l}{section.4}% 21
\BOOKMARK [2][-]{subsection.4.5}{\376\377\000O\000v\000e\000r\000f\000i\000t\000t\000i\000n\000g\000\040\000a\000n\000d\000\040\000d\000a\000t\000a\000\040\000s\000c\000a\000l\000i\000n\000g}{section.4}% 22
\BOOKMARK [2][-]{subsection.4.6}{\376\377\000W\000h\000i\000c\000h\000\040\000w\000o\000r\000d\000s\000\040\000c\000a\000r\000r\000y\000\040\000t\000h\000e\000\040\000c\000o\000n\000t\000e\000n\000t\000\040\000s\000i\000g\000n\000a\000l}{section.4}% 23
\BOOKMARK [2][-]{subsection.4.7}{\376\377\000A\000t\000t\000r\000i\000b\000u\000t\000i\000o\000n\000\040\000o\000v\000e\000r\000\040\000t\000h\000e\000\040\000f\000i\000t\000t\000e\000d\000\040\000m\000o\000d\000e\000l\000s}{section.4}% 24
\BOOKMARK [2][-]{subsection.4.8}{\376\377\000T\000h\000e\000\040\000t\000r\000a\000n\000s\000f\000o\000r\000m\000e\000r\000\040\000g\000r\000i\000d}{section.4}% 25
\BOOKMARK [2][-]{subsection.4.9}{\376\377\000T\000h\000e\000\040\000w\000o\000r\000d\000-\000l\000e\000v\000e\000l\000\040\000s\000u\000b\000s\000e\000t\000\040\000u\000s\000e\000d\000\040\000f\000o\000r\000\040\000t\000h\000e\000\040\000p\000a\000i\000r\000e\000d\000\040\000t\000e\000s\000t\000s}{section.4}% 26
\BOOKMARK [2][-]{subsection.4.10}{\376\377\000T\000h\000e\000\040\000D\000A\000I\000G\000T\000\040\000V\0002\000\040\000t\000i\000e\000\040\000i\000s\000\040\000a\000\040\000t\000e\000x\000t\000\040\000b\000u\000d\000g\000e\000t\000,\000\040\000n\000o\000t\000\040\000a\000n\000\040\000a\000r\000c\000h\000i\000t\000e\000c\000t\000u\000r\000e\000\040\000r\000e\000s\000u\000l\000t}{section.4}% 27
\BOOKMARK [2][-]{subsection.4.11}{\376\377\000O\000n\000\040\000H\000C\0003\000,\000\040\000o\000r\000t\000h\000o\000g\000r\000a\000p\000h\000y\000\040\000a\000l\000o\000n\000e\000\040\000m\000a\000t\000c\000h\000e\000s\000\040\000c\000o\000n\000t\000e\000n\000t\000\040\000a\000l\000o\000n\000e}{section.4}% 28
\BOOKMARK [2][-]{subsection.4.12}{\376\377\000O\000n\000e\000\040\000o\000r\000t\000h\000o\000g\000r\000a\000p\000h\000i\000c\000\040\000f\000e\000a\000t\000u\000r\000e\000\040\000c\000a\000r\000r\000i\000e\000s\000\040\000t\000h\000e\000\040\000H\000C\0003\000\040\000r\000e\000s\000u\000l\000t}{section.4}% 29
\BOOKMARK [2][-]{subsection.4.13}{\376\377\000T\000h\000e\000\040\000H\000C\0003\000\040\000p\000a\000r\000i\000t\000y\000\040\000b\000e\000l\000o\000n\000g\000s\000\040\000t\000o\000\040\000o\000n\000e\000\040\000s\000u\000b\000-\000d\000o\000m\000a\000i\000n}{section.4}% 30
\BOOKMARK [2][-]{subsection.4.14}{\376\377\000N\000e\000i\000t\000h\000e\000r\000\040\000r\000e\000s\000u\000l\000t\000\040\000i\000s\000\040\000a\000n\000\040\000a\000r\000t\000e\000f\000a\000c\000t\000\040\000o\000f\000\040\000d\000o\000c\000u\000m\000e\000n\000t\000\040\000l\000e\000n\000g\000t\000h}{section.4}% 31
\BOOKMARK [2][-]{subsection.4.15}{\376\377\000T\000h\000e\000\040\000H\000C\0003\000\040\000n\000u\000l\000l\000\040\000s\000u\000r\000v\000i\000v\000e\000s\000\040\000r\000e\000p\000a\000r\000t\000i\000t\000i\000o\000n\000i\000n\000g}{section.4}% 32
\BOOKMARK [2][-]{subsection.4.16}{\376\377\000A\000\040\000m\000o\000d\000e\000l\000\040\000t\000h\000a\000t\000\040\000c\000a\000n\000n\000o\000t\000\040\000r\000e\000p\000r\000e\000s\000e\000n\000t\000\040\000t\000h\000e\000\040\000c\000u\000e\000\040\000r\000e\000a\000c\000h\000e\000s\000\040\0000\000.\0009\0009\0001\0006\000\040\000a\000n\000y\000w\000a\000y}{section.4}% 33
\BOOKMARK [2][-]{subsection.4.17}{\376\377\000T\000h\000e\000\040\000a\000d\000v\000e\000r\000s\000a\000r\000i\000a\000l\000\040\000c\000o\000l\000l\000a\000p\000s\000e\000\040\000i\000s\000\040\000n\000o\000t\000\040\000d\000i\000s\000t\000i\000n\000g\000u\000i\000s\000h\000a\000b\000l\000e\000\040\000f\000r\000o\000m\000\040\000a\000\040\000d\000e\000g\000e\000n\000e\000r\000a\000t\000e\000\040\000r\000e\000s\000p\000o\000n\000s\000e}{section.4}% 34
\BOOKMARK [2][-]{subsection.4.18}{\376\377\000T\000r\000a\000n\000s\000f\000e\000r\000\040\000a\000n\000d\000\040\000e\000n\000s\000e\000m\000b\000l\000i\000n\000g}{section.4}% 35
\BOOKMARK [2][-]{subsection.4.19}{\376\377\000A\000\040\000p\000u\000b\000l\000i\000s\000h\000e\000d\000\040\000d\000e\000t\000e\000c\000t\000o\000r\000\040\000o\000n\000\040\000t\000h\000e\000\040\000s\000a\000m\000e\000\040\000p\000a\000r\000t\000i\000t\000i\000o\000n\000s}{section.4}% 36
\BOOKMARK [2][-]{subsection.4.20}{\376\377\000D\000i\000s\000c\000u\000s\000s\000i\000o\000n}{section.4}% 37
\BOOKMARK [1][-]{section.5}{\376\377\000L\000i\000m\000i\000t\000a\000t\000i\000o\000n\000s}{}% 38
\BOOKMARK [1][-]{section.6}{\376\377\000C\000o\000n\000c\000l\000u\000s\000i\000o\000n\000\040\000a\000n\000d\000\040\000F\000u\000t\000u\000r\000e\000\040\000W\000o\000r\000k\000s}{}% 39
