This is pdfTeX, Version 3.141592653-2.6-1.40.25 (TeX Live 2023/Debian) (preloaded format=pdflatex 2026.6.27)  28 AUG 2026 13:13
entering extended mode
 restricted \write18 enabled.
 %&-line parsing enabled.
**main.tex
(./main.tex
LaTeX2e <2023-11-01> patch level 1
L3 programming layer <2024-01-22>
(/usr/share/texlive/texmf-dist/tex/latex/ieeetran/IEEEtran.cls
Document Class: IEEEtran 2015/08/26 V1.8b by Michael Shell
-- See the "IEEEtran_HOWTO" manual for usage information.
-- http://www.michaelshell.org/tex/ieeetran/
\@IEEEtrantmpdimenA=\dimen140
\@IEEEtrantmpdimenB=\dimen141
\@IEEEtrantmpdimenC=\dimen142
\@IEEEtrantmpcountA=\count187
\@IEEEtrantmpcountB=\count188
\@IEEEtrantmpcountC=\count189
\@IEEEtrantmptoksA=\toks17
LaTeX Font Info:    Trying to load font information for OT1+ptm on input line 5
03.
(/usr/share/texlive/texmf-dist/tex/latex/psnfss/ot1ptm.fd
File: ot1ptm.fd 2001/06/04 font definitions for OT1/ptm.
)
-- Using 210mm x 297mm (a4) paper.
-- Using PDF output.
\@IEEEnormalsizeunitybaselineskip=\dimen143
-- This is a 10 point document.
\CLASSINFOnormalsizebaselineskip=\dimen144
\CLASSINFOnormalsizeunitybaselineskip=\dimen145
\IEEEnormaljot=\dimen146
LaTeX Font Info:    Font shape `OT1/ptm/bx/n' in size <5> not available
(Font)              Font shape `OT1/ptm/b/n' tried instead on input line 1090.
LaTeX Font Info:    Font shape `OT1/ptm/bx/it' in size <5> not available
(Font)              Font shape `OT1/ptm/b/it' tried instead on input line 1090.

LaTeX Font Info:    Font shape `OT1/ptm/bx/n' in size <7> not available
(Font)              Font shape `OT1/ptm/b/n' tried instead on input line 1090.
LaTeX Font Info:    Font shape `OT1/ptm/bx/it' in size <7> not available
(Font)              Font shape `OT1/ptm/b/it' tried instead on input line 1090.

LaTeX Font Info:    Font shape `OT1/ptm/bx/n' in size <8> not available
(Font)              Font shape `OT1/ptm/b/n' tried instead on input line 1090.
LaTeX Font Info:    Font shape `OT1/ptm/bx/it' in size <8> not available
(Font)              Font shape `OT1/ptm/b/it' tried instead on input line 1090.

LaTeX Font Info:    Font shape `OT1/ptm/bx/n' in size <9> not available
(Font)              Font shape `OT1/ptm/b/n' tried instead on input line 1090.
LaTeX Font Info:    Font shape `OT1/ptm/bx/it' in size <9> not available
(Font)              Font shape `OT1/ptm/b/it' tried instead on input line 1090.

LaTeX Font Info:    Font shape `OT1/ptm/bx/n' in size <10> not available
(Font)              Font shape `OT1/ptm/b/n' tried instead on input line 1090.
LaTeX Font Info:    Font shape `OT1/ptm/bx/it' in size <10> not available
(Font)              Font shape `OT1/ptm/b/it' tried instead on input line 1090.

LaTeX Font Info:    Font shape `OT1/ptm/bx/n' in size <11> not available
(Font)              Font shape `OT1/ptm/b/n' tried instead on input line 1090.
LaTeX Font Info:    Font shape `OT1/ptm/bx/it' in size <11> not available
(Font)              Font shape `OT1/ptm/b/it' tried instead on input line 1090.

LaTeX Font Info:    Font shape `OT1/ptm/bx/n' in size <12> not available
(Font)              Font shape `OT1/ptm/b/n' tried instead on input line 1090.
LaTeX Font Info:    Font shape `OT1/ptm/bx/it' in size <12> not available
(Font)              Font shape `OT1/ptm/b/it' tried instead on input line 1090.

LaTeX Font Info:    Font shape `OT1/ptm/bx/n' in size <17> not available
(Font)              Font shape `OT1/ptm/b/n' tried instead on input line 1090.
LaTeX Font Info:    Font shape `OT1/ptm/bx/it' in size <17> not available
(Font)              Font shape `OT1/ptm/b/it' tried instead on input line 1090.

LaTeX Font Info:    Font shape `OT1/ptm/bx/n' in size <20> not available
(Font)              Font shape `OT1/ptm/b/n' tried instead on input line 1090.
LaTeX Font Info:    Font shape `OT1/ptm/bx/it' in size <20> not available
(Font)              Font shape `OT1/ptm/b/it' tried instead on input line 1090.

LaTeX Font Info:    Font shape `OT1/ptm/bx/n' in size <24> not available
(Font)              Font shape `OT1/ptm/b/n' tried instead on input line 1090.
LaTeX Font Info:    Font shape `OT1/ptm/bx/it' in size <24> not available
(Font)              Font shape `OT1/ptm/b/it' tried instead on input line 1090.

\IEEEquantizedlength=\dimen147
\IEEEquantizedlengthdiff=\dimen148
\IEEEquantizedtextheightdiff=\dimen149
\IEEEilabelindentA=\dimen150
\IEEEilabelindentB=\dimen151
\IEEEilabelindent=\dimen152
\IEEEelabelindent=\dimen153
\IEEEdlabelindent=\dimen154
\IEEElabelindent=\dimen155
\IEEEiednormlabelsep=\dimen156
\IEEEiedmathlabelsep=\dimen157
\IEEEiedtopsep=\skip48
\c@section=\count190
\c@subsection=\count191
\c@subsubsection=\count192
\c@paragraph=\count193
\c@IEEEsubequation=\count194
\abovecaptionskip=\skip49
\belowcaptionskip=\skip50
\c@figure=\count195
\c@table=\count196
\@IEEEeqnnumcols=\count197
\@IEEEeqncolcnt=\count198
\@IEEEsubeqnnumrollback=\count199
\@IEEEquantizeheightA=\dimen158
\@IEEEquantizeheightB=\dimen159
\@IEEEquantizeheightC=\dimen160
\@IEEEquantizeprevdepth=\dimen161
\@IEEEquantizemultiple=\count266
\@IEEEquantizeboxA=\box51
\@IEEEtmpitemindent=\dimen162
\IEEEPARstartletwidth=\dimen163
\c@IEEEbiography=\count267
\@IEEEtranrubishbin=\box52
)
** ATTENTION: Overriding command lockouts (line 3).
(/usr/share/texlive/texmf-dist/tex/latex/placeins/placeins.sty
Package: placeins 2005/04/18  v 2.2
)
(/usr/share/texlive/texmf-dist/tex/latex/tools/tabularx.sty
Package: tabularx 2023/07/08 v2.11c `tabularx' package (DPC)

(/usr/share/texlive/texmf-dist/tex/latex/tools/array.sty
Package: array 2023/10/16 v2.5g Tabular extension package (FMi)
\col@sep=\dimen164
\ar@mcellbox=\box53
\extrarowheight=\dimen165
\NC@list=\toks18
\extratabsurround=\skip51
\backup@length=\skip52
\ar@cellbox=\box54
)
\TX@col@width=\dimen166
\TX@old@table=\dimen167
\TX@old@col=\dimen168
\TX@target=\dimen169
\TX@delta=\dimen170
\TX@cols=\count268
\TX@ftn=\toks19
)
(/usr/share/texlive/texmf-dist/tex/latex/booktabs/booktabs.sty
Package: booktabs 2020/01/12 v1.61803398 Publication quality tables
\heavyrulewidth=\dimen171
\lightrulewidth=\dimen172
\cmidrulewidth=\dimen173
\belowrulesep=\dimen174
\belowbottomsep=\dimen175
\aboverulesep=\dimen176
\abovetopsep=\dimen177
\cmidrulesep=\dimen178
\cmidrulekern=\dimen179
\defaultaddspace=\dimen180
\@cmidla=\count269
\@cmidlb=\count270
\@aboverulesep=\dimen181
\@belowrulesep=\dimen182
\@thisruleclass=\count271
\@lastruleclass=\count272
\@thisrulewidth=\dimen183
)
(/usr/share/texlive/texmf-dist/tex/latex/multirow/multirow.sty
Package: multirow 2021/03/15 v2.8 Span multiple rows of a table
\multirow@colwidth=\skip53
\multirow@cntb=\count273
\multirow@dima=\skip54
\bigstrutjot=\dimen184
)
(/usr/share/texlive/texmf-dist/tex/latex/base/inputenc.sty
Package: inputenc 2021/02/14 v1.3d Input encoding file
\inpenc@prehook=\toks20
\inpenc@posthook=\toks21
)
(/usr/share/texlive/texmf-dist/tex/latex/amsmath/amsmath.sty
Package: amsmath 2023/05/13 v2.17o AMS math features
\@mathmargin=\skip55

For additional information on amsmath, use the `?' option.
(/usr/share/texlive/texmf-dist/tex/latex/amsmath/amstext.sty
Package: amstext 2021/08/26 v2.01 AMS text

(/usr/share/texlive/texmf-dist/tex/latex/amsmath/amsgen.sty
File: amsgen.sty 1999/11/30 v2.0 generic functions
\@emptytoks=\toks22
\ex@=\dimen185
))
(/usr/share/texlive/texmf-dist/tex/latex/amsmath/amsbsy.sty
Package: amsbsy 1999/11/29 v1.2d Bold Symbols
\pmbraise@=\dimen186
)
(/usr/share/texlive/texmf-dist/tex/latex/amsmath/amsopn.sty
Package: amsopn 2022/04/08 v2.04 operator names
)
\inf@bad=\count274
LaTeX Info: Redefining \frac on input line 234.
\uproot@=\count275
\leftroot@=\count276
LaTeX Info: Redefining \overline on input line 399.
LaTeX Info: Redefining \colon on input line 410.
\classnum@=\count277
\DOTSCASE@=\count278
LaTeX Info: Redefining \ldots on input line 496.
LaTeX Info: Redefining \dots on input line 499.
LaTeX Info: Redefining \cdots on input line 620.
\Mathstrutbox@=\box55
\strutbox@=\box56
LaTeX Info: Redefining \big on input line 722.
LaTeX Info: Redefining \Big on input line 723.
LaTeX Info: Redefining \bigg on input line 724.
LaTeX Info: Redefining \Bigg on input line 725.
\big@size=\dimen187
LaTeX Font Info:    Redeclaring font encoding OML on input line 743.
LaTeX Font Info:    Redeclaring font encoding OMS on input line 744.
\macc@depth=\count279
LaTeX Info: Redefining \bmod on input line 905.
LaTeX Info: Redefining \pmod on input line 910.
LaTeX Info: Redefining \smash on input line 940.
LaTeX Info: Redefining \relbar on input line 970.
LaTeX Info: Redefining \Relbar on input line 971.
\c@MaxMatrixCols=\count280
\dotsspace@=\muskip16
\c@parentequation=\count281
\dspbrk@lvl=\count282
\tag@help=\toks23
\row@=\count283
\column@=\count284
\maxfields@=\count285
\andhelp@=\toks24
\eqnshift@=\dimen188
\alignsep@=\dimen189
\tagshift@=\dimen190
\tagwidth@=\dimen191
\totwidth@=\dimen192
\lineht@=\dimen193
\@envbody=\toks25
\multlinegap=\skip56
\multlinetaggap=\skip57
\mathdisplay@stack=\toks26
LaTeX Info: Redefining \[ on input line 2953.
LaTeX Info: Redefining \] on input line 2954.
)
(/usr/share/texlive/texmf-dist/tex/latex/amsfonts/amssymb.sty
Package: amssymb 2013/01/14 v3.01 AMS font symbols

(/usr/share/texlive/texmf-dist/tex/latex/amsfonts/amsfonts.sty
Package: amsfonts 2013/01/14 v3.01 Basic AMSFonts support
\symAMSa=\mathgroup4
\symAMSb=\mathgroup5
LaTeX Font Info:    Redeclaring math symbol \hbar on input line 98.
LaTeX Font Info:    Overwriting math alphabet `\mathfrak' in version `bold'
(Font)                  U/euf/m/n --> U/euf/b/n on input line 106.
))
(/usr/share/texlive/texmf-dist/tex/latex/base/textcomp.sty
Package: textcomp 2020/02/02 v2.0n Standard LaTeX package
)
(/usr/share/texlive/texmf-dist/tex/latex/xcolor/xcolor.sty
Package: xcolor 2023/11/15 v3.01 LaTeX color extensions (UK)

(/usr/share/texlive/texmf-dist/tex/latex/graphics-cfg/color.cfg
File: color.cfg 2016/01/02 v1.6 sample color configuration
)
Package xcolor Info: Driver file: pdftex.def on input line 274.

(/usr/share/texlive/texmf-dist/tex/latex/graphics-def/pdftex.def
File: pdftex.def 2022/09/22 v1.2b Graphics/color driver for pdftex
)
(/usr/share/texlive/texmf-dist/tex/latex/graphics/mathcolor.ltx)
Package xcolor Info: Model `cmy' substituted by `cmy0' on input line 1350.
Package xcolor Info: Model `hsb' substituted by `rgb' on input line 1354.
Package xcolor Info: Model `RGB' extended on input line 1366.
Package xcolor Info: Model `HTML' substituted by `rgb' on input line 1368.
Package xcolor Info: Model `Hsb' substituted by `hsb' on input line 1369.
Package xcolor Info: Model `tHsb' substituted by `hsb' on input line 1370.
Package xcolor Info: Model `HSB' substituted by `hsb' on input line 1371.
Package xcolor Info: Model `Gray' substituted by `gray' on input line 1372.
Package xcolor Info: Model `wave' substituted by `hsb' on input line 1373.
)
(/usr/share/texlive/texmf-dist/tex/latex/algorithms/algorithmic.sty
Package: algorithmic 2009/08/24 v0.1 Document Style `algorithmic'

(/usr/share/texlive/texmf-dist/tex/latex/base/ifthen.sty
Package: ifthen 2022/04/13 v1.1d Standard LaTeX ifthen package (DPC)
)
(/usr/share/texlive/texmf-dist/tex/latex/graphics/keyval.sty
Package: keyval 2022/05/29 v1.15 key=value parser (DPC)
\KV@toks@=\toks27
)
\c@ALC@unique=\count286
\c@ALC@line=\count287
\c@ALC@rem=\count288
\c@ALC@depth=\count289
\ALC@tlm=\skip58
\algorithmicindent=\skip59
)
(/usr/share/texlive/texmf-dist/tex/latex/algorithms/algorithm.sty
Package: algorithm 2009/08/24 v0.1 Document Style `algorithm' - floating enviro
nment

(/usr/share/texlive/texmf-dist/tex/latex/float/float.sty
Package: float 2001/11/08 v1.3d Float enhancements (AL)
\c@float@type=\count290
\float@exts=\toks28
\float@box=\box57
\@float@everytoks=\toks29
\@floatcapt=\box58
)
\@float@every@algorithm=\toks30
\c@algorithm=\count291
)
(/usr/share/texlive/texmf-dist/tex/latex/graphics/graphicx.sty
Package: graphicx 2021/09/16 v1.2d Enhanced LaTeX Graphics (DPC,SPQR)

(/usr/share/texlive/texmf-dist/tex/latex/graphics/graphics.sty
Package: graphics 2022/03/10 v1.4e Standard LaTeX Graphics (DPC,SPQR)

(/usr/share/texlive/texmf-dist/tex/latex/graphics/trig.sty
Package: trig 2021/08/11 v1.11 sin cos tan (DPC)
)
(/usr/share/texlive/texmf-dist/tex/latex/graphics-cfg/graphics.cfg
File: graphics.cfg 2016/06/04 v1.11 sample graphics configuration
)
Package graphics Info: Driver file: pdftex.def on input line 107.
)
\Gin@req@height=\dimen194
\Gin@req@width=\dimen195
)
(/usr/share/texlive/texmf-dist/tex/latex/natbib/natbib.sty
Package: natbib 2010/09/13 8.31b (PWD, AO)
\bibhang=\skip60
\bibsep=\skip61
LaTeX Info: Redefining \cite on input line 694.
\c@NAT@ctr=\count292
)
(/usr/share/texlive/texmf-dist/tex/latex/hyperref/hyperref.sty
Package: hyperref 2024-01-20 v7.01h Hypertext links for LaTeX

(/usr/share/texlive/texmf-dist/tex/generic/iftex/iftex.sty
Package: iftex 2022/02/03 v1.0f TeX engine tests
)
(/usr/share/texlive/texmf-dist/tex/latex/kvsetkeys/kvsetkeys.sty
Package: kvsetkeys 2022-10-05 v1.19 Key value parser (HO)
)
(/usr/share/texlive/texmf-dist/tex/generic/kvdefinekeys/kvdefinekeys.sty
Package: kvdefinekeys 2019-12-19 v1.6 Define keys (HO)
)
(/usr/share/texlive/texmf-dist/tex/generic/pdfescape/pdfescape.sty
Package: pdfescape 2019/12/09 v1.15 Implements pdfTeX's escape features (HO)

(/usr/share/texlive/texmf-dist/tex/generic/ltxcmds/ltxcmds.sty
Package: ltxcmds 2023-12-04 v1.26 LaTeX kernel commands for general use (HO)
)
(/usr/share/texlive/texmf-dist/tex/generic/pdftexcmds/pdftexcmds.sty
Package: pdftexcmds 2020-06-27 v0.33 Utility functions of pdfTeX for LuaTeX (HO
)

(/usr/share/texlive/texmf-dist/tex/generic/infwarerr/infwarerr.sty
Package: infwarerr 2019/12/03 v1.5 Providing info/warning/error messages (HO)
)
Package pdftexcmds Info: \pdf@primitive is available.
Package pdftexcmds Info: \pdf@ifprimitive is available.
Package pdftexcmds Info: \pdfdraftmode found.
))
(/usr/share/texlive/texmf-dist/tex/latex/hycolor/hycolor.sty
Package: hycolor 2020-01-27 v1.10 Color options for hyperref/bookmark (HO)
)
(/usr/share/texlive/texmf-dist/tex/latex/auxhook/auxhook.sty
Package: auxhook 2019-12-17 v1.6 Hooks for auxiliary files (HO)
)
(/usr/share/texlive/texmf-dist/tex/latex/hyperref/nameref.sty
Package: nameref 2023-11-26 v2.56 Cross-referencing by name of section

(/usr/share/texlive/texmf-dist/tex/latex/refcount/refcount.sty
Package: refcount 2019/12/15 v3.6 Data extraction from label references (HO)
)
(/usr/share/texlive/texmf-dist/tex/generic/gettitlestring/gettitlestring.sty
Package: gettitlestring 2019/12/15 v1.6 Cleanup title references (HO)

(/usr/share/texlive/texmf-dist/tex/latex/kvoptions/kvoptions.sty
Package: kvoptions 2022-06-15 v3.15 Key value format for package options (HO)
))
\c@section@level=\count293
)
(/usr/share/texlive/texmf-dist/tex/latex/etoolbox/etoolbox.sty
Package: etoolbox 2020/10/05 v2.5k e-TeX tools for LaTeX (JAW)
\etb@tempcnta=\count294
)
\@linkdim=\dimen196
\Hy@linkcounter=\count295
\Hy@pagecounter=\count296

(/usr/share/texlive/texmf-dist/tex/latex/hyperref/pd1enc.def
File: pd1enc.def 2024-01-20 v7.01h Hyperref: PDFDocEncoding definition (HO)
Now handling font encoding PD1 ...
... no UTF-8 mapping file for font encoding PD1
)
(/usr/share/texlive/texmf-dist/tex/generic/intcalc/intcalc.sty
Package: intcalc 2019/12/15 v1.3 Expandable calculations with integers (HO)
)
\Hy@SavedSpaceFactor=\count297

(/usr/share/texlive/texmf-dist/tex/latex/hyperref/puenc.def
File: puenc.def 2024-01-20 v7.01h Hyperref: PDF Unicode definition (HO)
Now handling font encoding PU ...
... no UTF-8 mapping file for font encoding PU
)
Package hyperref Info: Hyper figures OFF on input line 4179.
Package hyperref Info: Link nesting OFF on input line 4184.
Package hyperref Info: Hyper index ON on input line 4187.
Package hyperref Info: Plain pages OFF on input line 4194.
Package hyperref Info: Backreferencing OFF on input line 4199.
Package hyperref Info: Implicit mode ON; LaTeX internals redefined.
Package hyperref Info: Bookmarks ON on input line 4446.
\c@Hy@tempcnt=\count298

(/usr/share/texlive/texmf-dist/tex/latex/url/url.sty
\Urlmuskip=\muskip17
Package: url 2013/09/16  ver 3.4  Verb mode for urls, etc.
)
LaTeX Info: Redefining \url on input line 4784.
\XeTeXLinkMargin=\dimen197

(/usr/share/texlive/texmf-dist/tex/generic/bitset/bitset.sty
Package: bitset 2019/12/09 v1.3 Handle bit-vector datatype (HO)

(/usr/share/texlive/texmf-dist/tex/generic/bigintcalc/bigintcalc.sty
Package: bigintcalc 2019/12/15 v1.5 Expandable calculations on big integers (HO
)
))
\Fld@menulength=\count299
\Field@Width=\dimen198
\Fld@charsize=\dimen199
Package hyperref Info: Hyper figures OFF on input line 6063.
Package hyperref Info: Link nesting OFF on input line 6068.
Package hyperref Info: Hyper index ON on input line 6071.
Package hyperref Info: backreferencing OFF on input line 6078.
Package hyperref Info: Link coloring OFF on input line 6083.
Package hyperref Info: Link coloring with OCG OFF on input line 6088.
Package hyperref Info: PDF/A mode OFF on input line 6093.

(/usr/share/texlive/texmf-dist/tex/latex/base/atbegshi-ltx.sty
Package: atbegshi-ltx 2021/01/10 v1.0c Emulation of the original atbegshi
package with kernel methods
)
\Hy@abspage=\count300
\c@Item=\count301
\c@Hfootnote=\count302
)
Package hyperref Info: Driver (autodetected): hpdftex.

(/usr/share/texlive/texmf-dist/tex/latex/hyperref/hpdftex.def
File: hpdftex.def 2024-01-20 v7.01h Hyperref driver for pdfTeX

(/usr/share/texlive/texmf-dist/tex/latex/base/atveryend-ltx.sty
Package: atveryend-ltx 2020/08/19 v1.0a Emulation of the original atveryend pac
kage
with kernel methods
)
\Fld@listcount=\count303
\c@bookmark@seq@number=\count304

(/usr/share/texlive/texmf-dist/tex/latex/rerunfilecheck/rerunfilecheck.sty
Package: rerunfilecheck 2022-07-10 v1.10 Rerun checks for auxiliary files (HO)

(/usr/share/texlive/texmf-dist/tex/generic/uniquecounter/uniquecounter.sty
Package: uniquecounter 2019/12/15 v1.4 Provide unlimited unique counter (HO)
)
Package uniquecounter Info: New unique counter `rerunfilecheck' on input line 2
85.
)
\Hy@SectionHShift=\skip62
)
(/usr/share/texlive/texmf-dist/tex/latex/fancyhdr/fancyhdr.sty
Package: fancyhdr 2022/11/09 v4.1 Extensive control of page headers and footers

\f@nch@headwidth=\skip63
\f@nch@O@elh=\skip64
\f@nch@O@erh=\skip65
\f@nch@O@olh=\skip66
\f@nch@O@orh=\skip67
\f@nch@O@elf=\skip68
\f@nch@O@erf=\skip69
\f@nch@O@olf=\skip70
\f@nch@O@orf=\skip71
)
(/usr/share/texlive/texmf-dist/tex/latex/sttools/flushend.sty
Package: flushend 2021/10/04 v4.0 Balancing columns in twocolumn mode
\flushend@@lastskip@a=\skip72
\flushend@@lastskip@b=\skip73
\flushend@@lastnode=\count305
\var@@loop@iter=\count306
\var@@temp@spread=\dimen256
\var@@temp@a=\dimen257
\var@@temp@loop=\dimen258
\flushend@@page@rule=\dimen259
\flushend@@varbox@lastpage=\box59
\flushend@@varbox@a=\box60
\flushend@@varbox@c=\box61
\flushend@@tempbox@a=\box62
\flushend@@tempbox@c=\box63
\flushend@@floatbox=\box64
\@viper=\box65
\hold@viper=\box66
\atColsBreak=\toks31
\atColsEnd=\toks32
\oldbreak@skip=\dimen260
)
(/usr/share/texlive/texmf-dist/tex/generic/soul/soul.sty
Package: soul 2023-06-14 v3.1 Permit use of UTF-8 characters in soul (HO)

(/usr/share/texlive/texmf-dist/tex/generic/soul/soul-ori.sty
Package: soul-ori 2023-06-14 v3.1 letterspacing/underlining (mf)
\SOUL@word=\toks33
\SOUL@lasttoken=\toks34
\SOUL@syllable=\toks35
\SOUL@cmds=\toks36
\SOUL@buffer=\toks37
\SOUL@token=\toks38
\SOUL@syllgoal=\dimen261
\SOUL@syllwidth=\dimen262
\SOUL@charkern=\dimen263
\SOUL@hyphkern=\dimen264
\SOUL@dimen=\dimen265
\SOUL@dimeni=\dimen266
\SOUL@minus=\count307
\SOUL@comma=\count308
\SOUL@apo=\count309
\SOUL@grave=\count310
\SOUL@spaceskip=\skip74
\SOUL@ttwidth=\dimen267
\SOUL@uldp=\dimen268
\SOUL@ulht=\dimen269
)
(/usr/share/texlive/texmf-dist/tex/generic/etexcmds/etexcmds.sty
Package: etexcmds 2019/12/15 v1.7 Avoid name clashes with e-TeX commands (HO)
))
(/usr/share/texlive/texmf-dist/tex/latex/comment/comment.sty
\CommentStream=\write3

Excluding comment 'comment')
(/usr/share/texlive/texmf-dist/tex/latex/tools/longtable.sty
Package: longtable 2023-11-01 v4.19 Multi-page Table package (DPC)
\LTleft=\skip75
\LTright=\skip76
\LTpre=\skip77
\LTpost=\skip78
\LTchunksize=\count311
\LTcapwidth=\dimen270
\LT@head=\box67
\LT@firsthead=\box68
\LT@foot=\box69
\LT@lastfoot=\box70
\LT@gbox=\box71
\LT@cols=\count312
\LT@rows=\count313
\c@LT@tables=\count314
\c@LT@chunks=\count315
\LT@p@ftn=\toks39
)
(/usr/share/texlive/texmf-dist/tex/latex/tools/afterpage.sty
Package: afterpage 2023/07/04 v1.08 After-Page Package (DPC)
\AP@output=\toks40
\AP@partial=\box72
\AP@footins=\box73
)
(/usr/share/texlive/texmf-dist/tex/latex/sttools/stfloats.sty
Package: stfloats 2017/03/27 v3.3 Improve float mechanism and baselineskip sett
ings
\@dblbotnum=\count316
\c@dblbotnumber=\count317
)
(/usr/share/texlive/texmf-dist/tex/latex/preprint/balance.sty
Package: balance 1999/02/23 4.3 (PWD)
\oldvsize=\dimen271
)
(/usr/share/texlive/texmf-dist/tex/latex/gensymb/gensymb.sty
Package: gensymb 2022/10/17 v1.0.2 (KJH)
)
(/usr/share/texlive/texmf-dist/tex/latex/makecell/makecell.sty
Package: makecell 2009/08/03 V0.1e Managing of Tab Column Heads and Cells
\rotheadsize=\dimen272
\c@nlinenum=\count318
\TeXr@lab=\toks41
)
(/usr/share/texlive/texmf-dist/tex/latex/siunitx/siunitx.sty
Package: siunitx 2024-01-25 v3.3.10 A comprehensive (SI) units package
\l__siunitx_number_uncert_offset_int=\count319
\l__siunitx_number_exponent_fixed_int=\count320
\l__siunitx_number_min_decimal_int=\count321
\l__siunitx_number_min_integer_int=\count322
\l__siunitx_number_round_precision_int=\count323
\l__siunitx_number_lower_threshold_int=\count324
\l__siunitx_number_upper_threshold_int=\count325
\l__siunitx_number_group_first_int=\count326
\l__siunitx_number_group_size_int=\count327
\l__siunitx_number_group_minimum_int=\count328
\l__siunitx_angle_tmp_dim=\dimen273
\l__siunitx_angle_marker_box=\box74
\l__siunitx_angle_unit_box=\box75
\l__siunitx_compound_count_int=\count329

(/usr/share/texlive/texmf-dist/tex/latex/translations/translations.sty
Package: translations 2022/02/05 v1.12 internationalization of LaTeX2e packages
 (CN)
)
\l__siunitx_table_tmp_box=\box76
\l__siunitx_table_tmp_dim=\dimen274
\l__siunitx_table_column_width_dim=\dimen275
\l__siunitx_table_integer_box=\box77
\l__siunitx_table_decimal_box=\box78
\l__siunitx_table_uncert_box=\box79
\l__siunitx_table_before_box=\box80
\l__siunitx_table_after_box=\box81
\l__siunitx_table_before_dim=\dimen276
\l__siunitx_table_carry_dim=\dimen277
\l__siunitx_unit_tmp_int=\count330
\l__siunitx_unit_position_int=\count331
\l__siunitx_unit_total_int=\count332
)
Package hyperref Info: Option `colorlinks' set `true' on input line 80.
Package translations Info: No language package found. I am going to use `englis
h' as default language. on input line 82.

(/usr/share/texlive/texmf-dist/tex/latex/l3backend/l3backend-pdftex.def
File: l3backend-pdftex.def 2024-01-04 L3 backend support: PDF output (pdfTeX)
\l__color_backend_stack_int=\count333
\l__pdf_internal_box=\box82
)
(./main.aux)
\openout1 = `main.aux'.

LaTeX Font Info:    Checking defaults for OML/cmm/m/it on input line 82.
LaTeX Font Info:    ... okay on input line 82.
LaTeX Font Info:    Checking defaults for OMS/cmsy/m/n on input line 82.
LaTeX Font Info:    ... okay on input line 82.
LaTeX Font Info:    Checking defaults for OT1/cmr/m/n on input line 82.
LaTeX Font Info:    ... okay on input line 82.
LaTeX Font Info:    Checking defaults for T1/cmr/m/n on input line 82.
LaTeX Font Info:    ... okay on input line 82.
LaTeX Font Info:    Checking defaults for TS1/cmr/m/n on input line 82.
LaTeX Font Info:    ... okay on input line 82.
LaTeX Font Info:    Checking defaults for OMX/cmex/m/n on input line 82.
LaTeX Font Info:    ... okay on input line 82.
LaTeX Font Info:    Checking defaults for U/cmr/m/n on input line 82.
LaTeX Font Info:    ... okay on input line 82.
LaTeX Font Info:    Checking defaults for PD1/pdf/m/n on input line 82.
LaTeX Font Info:    ... okay on input line 82.
LaTeX Font Info:    Checking defaults for PU/pdf/m/n on input line 82.
LaTeX Font Info:    ... okay on input line 82.

-- Lines per column: 56 (exact).
(/usr/share/texlive/texmf-dist/tex/context/base/mkii/supp-pdf.mkii
[Loading MPS to PDF converter (version 2006.09.02).]
\scratchcounter=\count334
\scratchdimen=\dimen278
\scratchbox=\box83
\nofMPsegments=\count335
\nofMParguments=\count336
\everyMPshowfont=\toks42
\MPscratchCnt=\count337
\MPscratchDim=\dimen279
\MPnumerator=\count338
\makeMPintoPDFobject=\count339
\everyMPtoPDFconversion=\toks43
) (/usr/share/texlive/texmf-dist/tex/latex/epstopdf-pkg/epstopdf-base.sty
Package: epstopdf-base 2020-01-24 v2.11 Base part for package epstopdf
Package epstopdf-base Info: Redefining graphics rule for `.eps' on input line 4
85.

(/usr/share/texlive/texmf-dist/tex/latex/latexconfig/epstopdf-sys.cfg
File: epstopdf-sys.cfg 2010/07/13 v1.3 Configuration of (r)epstopdf for TeX Liv
e
))
Package hyperref Info: Link coloring ON on input line 82.

(./main.out) (./main.out)
\@outlinefile=\write4
\openout4 = `main.out'.

\symgns@font=\mathgroup6
LaTeX Font Info:    Overwriting symbol font `gns@font' in version `bold'
(Font)                  TS1/ptm/m/n --> TS1/ptm/b/n on input line 82.
Package gensymb Info: Math companion symbols declared on input line 82.
LaTeX Info: Redefining \degree on input line 82.
LaTeX Info: Redefining \celsius on input line 82.
Package gensymb Info: Using text companion symbols for \degree, \celsius and \p
erthousand on input line 82.
LaTeX Info: Redefining \ohm on input line 82.
Package gensymb Info: Using \textohm for \ohm on input line 82.
Package gensymb Info: Using \textmu for \micro on input line 82.

(/usr/share/texlive/texmf-dist/tex/latex/translations/translations-basic-dictio
nary-english.trsl
File: translations-basic-dictionary-english.trsl (english translation file `tra
nslations-basic-dictionary')
)
Package translations Info: loading dictionary `translations-basic-dictionary' f
or `english'. on input line 82.
 [1{/var/lib/texmf/fonts/map/pdftex/updmap/pdftex.map}{/usr/share/texlive/texmf
-dist/fonts/enc/dvips/base/8r.enc}


] [2]
LaTeX Font Info:    Trying to load font information for U+msa on input line 271
.

(/usr/share/texlive/texmf-dist/tex/latex/amsfonts/umsa.fd
File: umsa.fd 2013/01/14 v3.01 AMS symbols A
)
LaTeX Font Info:    Trying to load font information for U+msb on input line 271
.

(/usr/share/texlive/texmf-dist/tex/latex/amsfonts/umsb.fd
File: umsb.fd 2013/01/14 v3.01 AMS symbols B
)
LaTeX Font Info:    Trying to load font information for TS1+ptm on input line 2
71.

(/usr/share/texlive/texmf-dist/tex/latex/psnfss/ts1ptm.fd
File: ts1ptm.fd 2001/06/04 font definitions for TS1/ptm.
)
Underfull \hbox (badness 10000) in paragraph at lines 305--305
[]|\OT1/ptm/m/n/7 GLTR and fine-tuned
 []


Underfull \hbox (badness 5592) in paragraph at lines 305--305
[]|\OT1/ptm/m/n/7 Tk-Instruct de-tec-tor on
 []


Underfull \hbox (badness 6910) in paragraph at lines 305--305
[]|\OT1/ptm/m/n/7 Task dif-fi-culty var-ied,
 []


Underfull \hbox (badness 2285) in paragraph at lines 305--305
\OT1/ptm/m/n/7 cor-pus sep-a-ra-bil-ity not
 []


Underfull \hbox (badness 10000) in paragraph at lines 305--305
[]|\OT1/ptm/m/n/7 TF-IDF with Naive
 []


Underfull \hbox (badness 10000) in paragraph at lines 305--305
\OT1/ptm/m/n/7 and Cat-Boost ma-jor-ity
 []


Underfull \hbox (badness 1418) in paragraph at lines 305--305
[]|\OT1/ptm/m/n/7 No ex-pla-na-tion of-fered
 []


Underfull \hbox (badness 10000) in paragraph at lines 305--305
[]|\OT1/ptm/m/n/7 Multiscale positive-
 []


Underfull \hbox (badness 10000) in paragraph at lines 305--305
\OT1/ptm/m/n/7 single-token whites-pace
 []


Underfull \hbox (badness 3557) in paragraph at lines 305--305
\OT1/ptm/m/n/7 cue ex-hib-ited but not
 []


Underfull \hbox (badness 10000) in paragraph at lines 305--305
[]|\OT1/ptm/m/n/7 RoBERTa, ELEC-TRA
 []


Underfull \hbox (badness 10000) in paragraph at lines 305--305
\OT1/ptm/m/n/7 and XLM-R un-der
 []


Underfull \hbox (badness 10000) in paragraph at lines 305--305
\OT1/ptm/m/n/7 mis-spelling and
 []


Underfull \hbox (badness 10000) in paragraph at lines 305--305
[]|\OT1/ptm/m/n/7 HC3 En-glish and
 []


Underfull \hbox (badness 10000) in paragraph at lines 305--305
[]|\OT1/ptm/m/n/7 No label-free
 []


Underfull \hbox (badness 10000) in paragraph at lines 305--305
\OT1/ptm/m/n/7 degenerate-response
 []


Underfull \hbox (badness 10000) in paragraph at lines 305--305
[]|\OT1/ptm/m/n/7 HC3, Truth-fulQA
 []


Underfull \hbox (badness 8038) in paragraph at lines 305--305
\OT1/ptm/m/n/7 col-lapse mag-ni-tude is
 []


Underfull \hbox (badness 10000) in paragraph at lines 305--305
[]|\OT1/ptm/m/n/7 Not de-com-posed into
 []


Underfull \hbox (badness 1735) in paragraph at lines 305--305
\OT1/ptm/m/n/7 a merged topic-held-out
 []


Underfull \hbox (badness 10000) in paragraph at lines 305--305
[]|\OT1/ptm/m/n/7 HC3 and DAIGT
 []


Underfull \hbox (badness 10000) in paragraph at lines 305--305
[]|\OT1/ptm/m/n/7 DistilBERT com-bined
 []


Underfull \hbox (badness 10000) in paragraph at lines 305--305
[]|\OT1/ptm/m/n/7 Channels com-bined
 []


Underfull \hbox (badness 10000) in paragraph at lines 305--305
[]|\OT1/ptm/m/n/7 Multi-representation
 []


Underfull \hbox (badness 1502) in paragraph at lines 305--305
[]|\OT1/ptm/m/n/7 In-distribution only, no
 []


Underfull \hbox (badness 10000) in paragraph at lines 305--305
\OT1/ptm/m/n/7 SVM, and a multi-
 []


Underfull \hbox (badness 1975) in paragraph at lines 305--305
[]|\OT1/ptm/m/n/7 DAIGT, HC3, M4,
 []



pdfTeX warning: pdflatex (file ./fig_pipeline.pdf): PDF inclusion: found PDF ve
rsion <1.7>, but at most version <1.5> allowed
<fig_pipeline.pdf, id=277, 544.07263pt x 232.56888pt>
File: fig_pipeline.pdf Graphic file (type pdf)
<use fig_pipeline.pdf>
Package pdftex.def Info: fig_pipeline.pdf  used on input line 334.
(pdftex.def)             Requested size: 516.0pt x 220.5701pt.
[3]

LaTeX Warning: Text page 4 contains only floats.


Overfull \vbox (12.41191pt too high) has occurred while \output is active []



LaTeX Warning: Text page 4 contains only floats.


Overfull \vbox (12.41191pt too high) has occurred while \output is active []


[4 <./fig_pipeline.pdf>]

pdfTeX warning: pdflatex (file ./length_distributions.pdf): PDF inclusion: foun
d PDF version <1.7>, but at most version <1.5> allowed
<length_distributions.pdf, id=355, 843.40094pt x 469.2732pt>
File: length_distributions.pdf Graphic file (type pdf)
<use length_distributions.pdf>
Package pdftex.def Info: length_distributions.pdf  used on input line 386.
(pdftex.def)             Requested size: 516.0pt x 287.10834pt.
LaTeX Font Info:    Trying to load font information for OT1+pcr on input line 3
93.
(/usr/share/texlive/texmf-dist/tex/latex/psnfss/ot1pcr.fd
File: ot1pcr.fd 2001/06/04 font definitions for OT1/pcr.
) [5] [6 <./length_distributions.pdf>] [7]

pdfTeX warning: pdflatex (file ./classical_vs_transformer.pdf): PDF inclusion: 
found PDF version <1.7>, but at most version <1.5> allowed
<classical_vs_transformer.pdf, id=414, 918.3108pt x 427.60754pt>
File: classical_vs_transformer.pdf Graphic file (type pdf)
<use classical_vs_transformer.pdf>
Package pdftex.def Info: classical_vs_transformer.pdf  used on input line 550.
(pdftex.def)             Requested size: 516.0pt x 240.28723pt.
[8]

pdfTeX warning: pdflatex (file ./roc_pr_curves.pdf): PDF inclusion: found PDF v
ersion <1.7>, but at most version <1.5> allowed
<roc_pr_curves.pdf, id=426, 844.11362pt x 607.68027pt>
File: roc_pr_curves.pdf Graphic file (type pdf)
<use roc_pr_curves.pdf>
Package pdftex.def Info: roc_pr_curves.pdf  used on input line 590.
(pdftex.def)             Requested size: 516.0pt x 371.49112pt.


pdfTeX warning: pdflatex (file ./DAIGT_confusion_matrix.pdf): PDF inclusion: fo
und PDF version <1.7>, but at most version <1.5> allowed
<DAIGT_confusion_matrix.pdf, id=429, 771.0105pt x 469.1628pt>
File: DAIGT_confusion_matrix.pdf Graphic file (type pdf)
<use DAIGT_confusion_matrix.pdf>
Package pdftex.def Info: DAIGT_confusion_matrix.pdf  used on input line 601.
(pdftex.def)             Requested size: 516.0pt x 313.98666pt.


pdfTeX warning: pdflatex (file ./HC3_confusion_matrix.pdf): PDF inclusion: foun
d PDF version <1.7>, but at most version <1.5> allowed
<HC3_confusion_matrix.pdf, id=430, 771.0105pt x 469.1628pt>
File: HC3_confusion_matrix.pdf Graphic file (type pdf)
<use HC3_confusion_matrix.pdf>
Package pdftex.def Info: HC3_confusion_matrix.pdf  used on input line 608.
(pdftex.def)             Requested size: 516.0pt x 313.98666pt.


pdfTeX warning: pdflatex (file ./overfitting_gap.pdf): PDF inclusion: found PDF
 version <1.7>, but at most version <1.5> allowed
<overfitting_gap.pdf, id=434, 918.3108pt x 427.97893pt>
File: overfitting_gap.pdf Graphic file (type pdf)
<use overfitting_gap.pdf>
Package pdftex.def Info: overfitting_gap.pdf  used on input line 619.
(pdftex.def)             Requested size: 516.0pt x 240.49593pt.


pdfTeX warning: pdflatex (file ./learning_curves.pdf): PDF inclusion: found PDF
 version <1.7>, but at most version <1.5> allowed
<learning_curves.pdf, id=437, 845.68951pt x 295.12256pt>
File: learning_curves.pdf Graphic file (type pdf)
<use learning_curves.pdf>
Package pdftex.def Info: learning_curves.pdf  used on input line 628.
(pdftex.def)             Requested size: 516.0pt x 180.08302pt.


pdfTeX warning: pdflatex (file ./discriminative_terms.pdf): PDF inclusion: foun
d PDF version <1.7>, but at most version <1.5> allowed
<discriminative_terms.pdf, id=440, 845.20767pt x 336.55736pt>
File: discriminative_terms.pdf Graphic file (type pdf)
<use discriminative_terms.pdf>
Package pdftex.def Info: discriminative_terms.pdf  used on input line 640.
(pdftex.def)             Requested size: 516.0pt x 205.46915pt.
[9 <./classical_vs_transformer.pdf>]

pdfTeX warning: pdflatex (file ./feature_importance_linear.pdf): PDF inclusion:
 found PDF version <1.7>, but at most version <1.5> allowed
<feature_importance_linear.pdf, id=455, 881.69403pt x 369.80159pt>
File: feature_importance_linear.pdf Graphic file (type pdf)
<use feature_importance_linear.pdf>
Package pdftex.def Info: feature_importance_linear.pdf  used on input line 649.

(pdftex.def)             Requested size: 516.0pt x 216.42052pt.


pdfTeX warning: pdflatex (file ./feature_importance_lgbm.pdf): PDF inclusion: f
ound PDF version <1.7>, but at most version <1.5> allowed
<feature_importance_lgbm.pdf, id=456, 881.69403pt x 338.00276pt>
File: feature_importance_lgbm.pdf Graphic file (type pdf)
<use feature_importance_lgbm.pdf>
Package pdftex.def Info: feature_importance_lgbm.pdf  used on input line 656.
(pdftex.def)             Requested size: 516.0pt x 197.81076pt.


pdfTeX warning: pdflatex (file ./DAIGT_shap_value_distribution.pdf): PDF inclus
ion: found PDF version <1.7>, but at most version <1.5> allowed
<DAIGT_shap_value_distribution.pdf, id=459, 588.27782pt x 338.36414pt>
File: DAIGT_shap_value_distribution.pdf Graphic file (type pdf)
<use DAIGT_shap_value_distribution.pdf>
Package pdftex.def Info: DAIGT_shap_value_distribution.pdf  used on input line 
667.
(pdftex.def)             Requested size: 252.0pt x 144.94646pt.


pdfTeX warning: pdflatex (file ./HC3_shap_value_distribution.pdf): PDF inclusio
n: found PDF version <1.7>, but at most version <1.5> allowed
<HC3_shap_value_distribution.pdf, id=460, 587.45474pt x 338.36414pt>
File: HC3_shap_value_distribution.pdf Graphic file (type pdf)
<use HC3_shap_value_distribution.pdf>
Package pdftex.def Info: HC3_shap_value_distribution.pdf  used on input line 67
4.
(pdftex.def)             Requested size: 252.0pt x 145.14781pt.
[10 <./roc_pr_curves.pdf>] [11 <./DAIGT_confusion_matrix.pdf>]
Underfull \vbox (badness 10000) has occurred while \output is active []


Underfull \vbox (badness 10000) has occurred while \output is active []

 [12 <./HC3_confusion_matrix.pdf> <./overfitting_gap.pdf>] [13 <./learning_curv
es.pdf> <./discriminative_terms.pdf>]
Underfull \vbox (badness 2600) has occurred while \output is active []

 [14 <./feature_importance_linear.pdf> <./feature_importance_lgbm.pdf>] [15 <./
DAIGT_shap_value_distribution.pdf> <./HC3_shap_value_distribution.pdf>] [16]

LaTeX Font Warning: Font shape `OT1/ptm/m/scit' undefined
(Font)              using `OT1/ptm/m/it' instead on input line 900.

[17]
Underfull \vbox (badness 10000) has occurred while \output is active []

 [18]
(./main.bbl

Package balance Warning: You have called \balance in second column
(balance)                Columns might not be balanced.

[19]
Underfull \vbox (badness 10000) has occurred while \output is active []

 [20]
Underfull \hbox (badness 10000) in paragraph at lines 372--377
\OT1/ptm/m/n/10 / / proceedings . neurips . cc / paper[]^^Lles / paper / 2017 /
 hash /
 []

)

** Conference Paper **
Before submitting the final camera ready copy, remember to:

 1. Manually equalize the lengths of two columns on the last page
 of your paper;

 2. Ensure that any PostScript and/or PDF output post-processing
 uses only Type 1 fonts and that every step in the generation
 process uses the appropriate paper size.

[leftcolumn badness]: 1000000 on 9.83508pt
[rightcolumn badness]: 1000000 on 9.83508pt
[leftcolumn badness]: 1000000 on 9.83508pt
[rightcolumn badness]: 1000000 on 9.83508pt
[leftcolumn badness]: 1000000 on 9.83508pt
[rightcolumn badness]: 1000000 on 9.83508pt
[leftcolumn badness]: 1000000 on 9.83508pt
[rightcolumn badness]: 1000000 on 9.83508pt
[leftcolumn badness]: 1000000 on 9.83508pt
[rightcolumn badness]: 1000000 on 9.83508pt
[leftcolumn badness]: 1000000 on 9.83508pt
[rightcolumn badness]: 1000000 on 9.83508pt
[leftcolumn badness]: 1000000 on 9.83508pt
[rightcolumn badness]: 1000000 on 9.83508pt
[leftcolumn badness]: 1000000 on 9.83508pt
[rightcolumn badness]: 1000000 on 9.83508pt
- LAST -
Extra skip:14.16492pt
Left:480.0pt/2.16492pt
Right:465.83508pt/2.16492pt
Split: 480.91754pt
Output:480.91754pt
Pageshrink: 0.0pt
Pagestretch: 0.0pt
@colht:1344.0pt
FLUSHEND [output]: 480.91754pt
FLUSHEND [leftcolumn badness]: 10000
FUSHEND [rightcolumn badness]: 10000
[21] (./main.aux)
 ***********
LaTeX2e <2023-11-01> patch level 1
L3 programming layer <2024-01-22>
 ***********
Package rerunfilecheck Info: File `main.out' has not changed.
(rerunfilecheck)             Checksum: A3E52157303C0DC64993203A6E0EAF47;8001.
 ) 
Here is how much of TeX's memory you used:
 17096 strings out of 476106
 326808 string characters out of 5793933
 1968975 words of memory out of 5000000
 38717 multiletter control sequences out of 15000+600000
 603926 words of font info for 126 fonts, out of 8000000 for 9000
 59 hyphenation exceptions out of 8191
 75i,11n,79p,1772b,1062s stack positions out of 10000i,1000n,20000p,200000b,200000s
</usr/share/texlive/texmf-dist/fonts/type1/public/amsfonts/cm/cmbx10.pfb></us
r/share/texlive/texmf-dist/fonts/type1/public/amsfonts/cm/cmex10.pfb></usr/shar
e/texlive/texmf-dist/fonts/type1/public/amsfonts/cm/cmmi10.pfb></usr/share/texl
ive/texmf-dist/fonts/type1/public/amsfonts/cm/cmmi5.pfb></usr/share/texlive/tex
mf-dist/fonts/type1/public/amsfonts/cm/cmmi7.pfb></usr/share/texlive/texmf-dist
/fonts/type1/public/amsfonts/cm/cmmi8.pfb></usr/share/texlive/texmf-dist/fonts/
type1/public/amsfonts/cm/cmr10.pfb></usr/share/texlive/texmf-dist/fonts/type1/p
ublic/amsfonts/cm/cmr6.pfb></usr/share/texlive/texmf-dist/fonts/type1/public/am
sfonts/cm/cmr7.pfb></usr/share/texlive/texmf-dist/fonts/type1/public/amsfonts/c
m/cmsy10.pfb></usr/share/texlive/texmf-dist/fonts/type1/public/amsfonts/cm/cmsy
7.pfb></usr/share/texlive/texmf-dist/fonts/type1/public/amsfonts/symbols/msbm10
.pfb></usr/share/texlive/texmf-dist/fonts/type1/urw/courier/ucrr8a.pfb></usr/sh
are/texlive/texmf-dist/fonts/type1/urw/times/utmb8a.pfb></usr/share/texlive/tex
mf-dist/fonts/type1/urw/times/utmbi8a.pfb></usr/share/texlive/texmf-dist/fonts/
type1/urw/times/utmr8a.pfb></usr/share/texlive/texmf-dist/fonts/type1/urw/times
/utmri8a.pfb>
Output written on main.pdf (21 pages, 6719848 bytes).
PDF statistics:
 759 PDF objects out of 1000 (max. 8388607)
 628 compressed objects within 7 object streams
 145 named destinations out of 1000 (max. 500000)
 370 words of extra memory for PDF output out of 10000 (max. 10000000)

